## inside block
adguard.com
ifconfig.co
ntc.party
telegram.org
flibusta.is
#soundcloud.com
#sndcdn.com
chess.com
torproject.org
linkedin.com
medium.com
4pda.to
4pda.ws
bbc.co.uk
bbc.com
bbci.co.uk
zona.media
rentry.co
rentry.org
ssclash.notion.site
.ua

#yt extensions
#sponsor.ajay.app
#returnyoutubedislikeapi.com

## outside block
canva.dev
canva.com
habr.com
habrastorage.org
dell.com
dellcdn.com
intel.com
intel.de
intel.nl
cdnjs.cloudflare.com

## torrents
rutracker.org
rutracker.cc
rutor.info
#cdnbunny.org
#nnmclub.to
#nnmstatic.win
#kinozal.tv
#rustorka.com
#thepiratebay.org

## twitch 1440p
usher.ttvnw.net
gql.twitch.tv

#meta
facebook.com
thefacebook.com
fbcdn.net
fb.com
fb.me
instagram.com
cdninstagram.com
instagram.co
threads.net
whatsapp.biz
whatsapp.com
whatsapp.net

## spotify
#byspotify.com
#pscdn.co
#scdn.co
#spoti.fi
#spotify-everywhere.com
#spotify.com
#spotify.design
#spotifycdn.com
#spotifycdn.net
#spotifycharts.com
#spotifycodes.com
#spotifyforbrands.com
#spotifyjobs.com
#spotify.link
#tospotify.com

## ai (openai + grok)
openai.com
chatgpt.com
oaistatic.com
oaiusercontent.com
chat.com
ai.com
chat.openai.com.cdn.cloudflare.net
x.ai
grok.com

## google gemini
deepmind.com
deepmind.google
geller-pa.googleapis.com
generativelanguage.googleapis.com
proactivebackend-pa.googleapis.com
ai.google.dev
generativeai.google
makersuite.google.com
aistudio.google.com
bard.google.com
gemini.google
gemini.google.com
notebooklm.google.com
clients6.google.com
notebooklm.google
jules.google
jules.google.com
labs.google
aisandbox-pa.googleapis.com
stitch.withgoogle.com
robinfrontend-pa.googleapis.com

## twiiter 
t.co
twimg.co
twimg.com
twitpic.com
twitter.biz
twitter.com
twttr.com
twttr.net
twvid.com
vine.co
x.com

#adult
noodlemagazine.com
pornolab.net
xhamster.com
xhamsterlive.com
xhcdn.com
xhpingcdn.com
assets.striiiipst.com
doppiocdn.net
doppiocdn.live
static-cdn.strpst.com
xvideos.com
xv-ru.com
xvideos-cdn.com
pornhub.com
pornhub.org
phncdn.com
phncdn.com.sds.rncdn7.com
redgifs.com
reddxxx.com
hqporner.com
xnxx.com
xnxx.net
xnxx.tv
xnxx3.com
xnxx-cdn.com
vipergirls.to
attachments.f95zone.to
rule34.art
rule34.xxx
