.ua
animego.org
rutracker.org
rutracker.cc
rutor.info
nnmclub.to
nnmstatic.win
kinozal.tv
rustorka.com
thepiratebay.org
pornolab.net
cdnbunny.org
facebook.com
fbcdn.net
fb.com
fb.me
instagram.com
cdninstagram.com
threads.net
cisco.com
citrix.com
udemy.com
weather.com
qualcomm.com
alphacoders.com
4pda.to
4pda.ws
openai.com
chatgpt.com
oaistatic.com
oaiusercontent.com
chat.com
ai.com
chat.openai.com.cdn.cloudflare.net
x.ai
canva.dev
canva.com
grok.com
notion.so
notion.com
notion.new
notion.site
notion-static.com
copilot.microsoft.com
designer.microsoft.com
xsts.auth.xboxlive.com
gemini.google.com
dell.com
dellcdn.com
intel.com
intel.de
intel.nl
geolocation.onetrust.com
habr.com
habrastorage.org
soundcloud.com
sndcdn.com
bestchange.ru
adguard.com
bbc.co.uk
bbc.com
bbci.co.uk
chess.com
flibusta.is
linkedin.com
ntc.party
torproject.org
medium.com
meduza.io
rentry.co
rentry.org
zetfix.online
zeflix.online
znanija.com
zohomail.com
zona.media
zerolab.net
digitalocean.com
t.co
twimg.co
twimg.com
twitpic.com
twitter.biz
twitter.com
twttr.com
twttr.net
twvid.com
vine.co
x.com
intimcity.com
xvideos.com
noodlemagazine.com
hqporner.com
attachments.f95zone.to
reddxxx.com
redgifs.com
xv-ru.com
pornhub.com
pornhub.org
phncdn.com
phncdn.com.sds.rncdn7.com
playboy.com
multporn.net
rule34.art
hentai-foundry.com
nhentai.com
nhentai.net
chaturbate.com
pornolab.net
xhamster.com
xhamsterlive.com
xhcdn.com
coomer.su
vipergirls.to
rentry.org
xnxx.com
xnxx.net
xnxx.tv
xnxx3.com
xnxx-cdn.com
xvideos-cdn.com
rule34.xxx
doppiocdn.com
doppiocdn.net
